C51 COMPILER V9.60.0.0   LEDBLINK                                                          08/20/2019 21:12:42 PAGE 1   


C51 COMPILER V9.60.0.0, COMPILATION OF MODULE LEDBLINK
OBJECT MODULE PLACED IN LedBlink.OBJ
COMPILER INVOKED BY: C:\Keil_v5\C51\BIN\C51.EXE LedBlink.c OPTIMIZE(8,SPEED) BROWSE DEBUG OBJECTEXTEND TABS(2)

line level    source

   1          #include<reg51.h>
   2          // for 11.0592MHz Crystal
   3          void delay(unsigned int count)
   4          {
   5   1        unsigned int i;
   6   1        while(count)
   7   1        {
   8   2          i = 115;
   9   2          while(i > 0)
  10   2             i--;
  11   2          count--;
  12   2        }
  13   1      }
  14          
  15          void main()
  16          {
  17   1        P2 = 0x00;
  18   1        while(1)
  19   1        {
  20   2          P0 = 0x00;
  21   2          delay(2000);
  22   2          P0 = 0xFF;
  23   2          delay(2000);
  24   2        }
  25   1      }


MODULE INFORMATION:   STATIC OVERLAYABLE
   CODE SIZE        =     50    ----
   CONSTANT SIZE    =   ----    ----
   XDATA SIZE       =   ----    ----
   PDATA SIZE       =   ----    ----
   DATA SIZE        =   ----    ----
   IDATA SIZE       =   ----    ----
   BIT SIZE         =   ----    ----
END OF MODULE INFORMATION.


C51 COMPILATION COMPLETE.  0 WARNING(S),  0 ERROR(S)
